salt KMnO4      model=ionic modelable=true       species=[MnO4-,K+] solution(3cm)=#a500a1 maxA=264.7216 solids= reason=Modelled as salt: K+ + MnO4-
salt CuSO4      model=ionic modelable=true       species=[SO4-2,HSO4-,Cu+2] solution(3cm)=#76e2ff maxA=0.5222 solids=Cu(OH)2(s)#a0d3f1 reason=Modelled as salt: Cu+2 + SO4-2
salt NiCl2      model=ionic modelable=true       species=[Cl-,Ni+2] solution(3cm)=#ffffff maxA=0.0000 solids= reason=Modelled as salt: Ni+2 + 2Cl-
salt CoCl2      model=ionic modelable=true       species=[Cl-,Co+2] solution(3cm)=#ff7dc0 maxA=0.3832 solids= reason=Modelled as salt: Co+2 + 2Cl-
salt K2Cr2O7    model=ionic modelable=true       species=[K+,CrO4-2,HCrO4-,Cr2O7-2] solution(3cm)=#ff8f00 maxA=8.0103 solids= reason=Modelled as salt: 2K+ + Cr2O7-2
salt FeCl3      model=ionic modelable=true       species=[Cl-,Fe+3] solution(3cm)=#fff900 maxA=8.1583 solids=Fe(OH)3(s)#9a4a1c reason=Modelled as salt: Fe+3 + 3Cl-
salt CrCl3      model=ionic modelable=true       species=[Cl-,Cr+3] solution(3cm)=#ffffff maxA=0.0000 solids=Cr(OH)3(s)#6aa07a reason=Modelled as salt: Cr+3 + 3Cl-
salt MnSO4      model=ionic modelable=true       species=[Mn+2,SO4-2] solution(3cm)=#ffffff maxA=0.0000 solids= reason=Modelled as salt: Mn+2 + SO4-2
salt FeSO4      model=ionic modelable=true       species=[Fe+2,SO4-2] solution(3cm)=#ffffff maxA=0.0000 solids= reason=Modelled as salt: Fe+2 + SO4-2
salt K3Fe(CN)6  model=ionic modelable=true       species=[K+,Fe(CN)6-3] solution(3cm)=#ffffff maxA=0.0000 solids= reason=Modelled as salt: 3K+ + Fe(CN)6-3
salt VOSO4      model=inert modelable=true       species=[O5SV] solution(3cm)=#ffffff maxA=0.0000 solids=O5SV(s)#3d6fc4 reason=Modelled as an inert compound (O5SV): melts, boils and disso
salt Cu(NO3)2   model=ionic modelable=true       species=[NO3-,Cu+2] solution(3cm)=#89e6ff maxA=0.4444 solids=Cu(OH)2(s)#a0d3f1 reason=Modelled as salt: Cu+2 + 2NO3-
import Methylene blue: model=inert modelable=true room=solid Modelled as an inert compound (C16H18ClN3S): melts, boils and dissolves up to it
import Iodine: model=neutral modelable=true room=solid Modelled as molecule: I2(aq)
import Bromine: model=inert modelable=true room=liquid Modelled as an inert compound (Br2): melts, boils and dissolves up to its solubi
import Hexane: model=inert modelable=true room=liquid Modelled as an inert compound (C6H14): melts, boils and dissolves up to its solu
import Azobenzene: model=inert modelable=true room=solid Modelled as an inert compound (C12H10N2): melts, boils and dissolves up to its s

== Methylene blue 10 mg in 50 mL water (should be intense blue)
  layer  aqueous 50.0mL rho=1.000 n=1.333 maxA=0.00e+0 col3cm=#ffffff scat=0.000 scRGB=#ffffff
  vap_vis 0.00 cond 0.00 boil 0 foam 0.00 T 22.0
  events Solid gone (dissolved or consumed): C16H18ClN3S

== I2 10 mg in 50 mL water (should be yellow-brown)
  layer  aqueous 50.0mL rho=1.000 n=1.333 maxA=5.91e-1 col3cm=#ffc400 scat=0.000 scRGB=#ffffff
  vap_vis 0.00 cond 0.00 boil 0 foam 0.00 T 22.0
  events Solution turned yellow

== I2 10 mg in 30 mL hexane (should be violet)
  layer  organic[C6H14(l)] 30.0mL rho=0.655 n=1.45 maxA=0.00e+0 col3cm=#ffffff scat=0.000 scRGB=#ffffff
  vap_vis 0.00 cond 0.00 boil 0 foam 0.00 T 22.0

== Water + hexane + 0.2 mL Br2 (Br2 should partition into hexane: orange top layer)
  layer  organic[Br2(l)] 0.2mL rho=3.100 n=1.45 maxA=7.94e-1 col3cm=#7d0003 scat=0.000 scRGB=#ffffff
  layer  aqueous 40.0mL rho=1.000 n=1.333 maxA=0.00e+0 col3cm=#ffffff scat=0.000 scRGB=#ffffff
  layer  organic[C6H14(l)] 20.0mL rho=0.655 n=1.45 maxA=0.00e+0 col3cm=#ffffff scat=0.000 scRGB=#ffffff
  vap_vis 0.00 cond 0.00 boil 0 foam 0.00 T 22.0

== Azobenzene dry solid
  solid  C12H10N2(s) 0.2000g rgb=#e6aa27 kind=powder d=30um susp=0.18
  vap_vis 0.00 cond 0.00 boil 0 foam 0.00 T 22.0

== CuSO4 0.1 M 20 mL
  layer  aqueous 20.1mL rho=1.012 n=1.333 maxA=8.34e-1 col3cm=#03d2ff scat=0.000 scRGB=#ffffff
  vap_vis 0.00 cond 0.00 boil 0 foam 0.00 T 22.0
  events Solution turned teal

== + 2 M NH3 20 mL (deep blue expected)
  layer  aqueous 39.7mL rho=1.006 n=1.333 maxA=2.77e+0 col3cm=#1800ef scat=0.000 scRGB=#ffffff
  vap_vis 0.00 cond 0.00 boil 0 foam 0.00 T 23.0
  events Solution turned teal | Complex formed: Cu(NH3)4+2 | Solution turned blue

== NaOH + phenolphthalein (pink)
  layer  aqueous 30.1mL rho=1.003 n=1.333 maxA=4.62e+0 col3cm=#ca00ff scat=0.000 scRGB=#ffffff
  layer  organic 0.1mL rho=0.789 n=1.361 maxA=0.00e+0 col3cm=#ffffff scat=0.000 scRGB=#ffffff
  vap_vis 0.00 cond 0.00 boil 0 foam 0.00 T 22.0
  events Solution turned purple
ppt NiCl2+NaOH: Ni(OH)2(s) #7fc78a gel d=5 | sol=#ffffff scat=3.13 | Ni(OH)2 green gel expected | log: Green precipitate formed: Ni(OH)2
    after 60 s: Ni(OH)2(s) susp=0.02
ppt ZnCl2+Na2S: ZnS(s) #f2f2ee powder d=8 | sol=#ffffff scat=3.97 | ZnS white expected | log: White precipitate formed: ZnS
    after 60 s: ZnS(s) susp=0.02
ppt NiCl2+Na3PO4: NiHPO4(s) #89daa0 powder d=10; Ni(OH)2(s) #7fc78a gel d=5 | sol=#ffffff scat=5.59 | Ni3(PO4)2 (not tabulated) pale green expected | log: Green precipitate formed: Ni(OH)2 / Green precipitate formed: NiHPO4
    after 60 s: NiHPO4(s) susp=0.02; Ni(OH)2(s) susp=0.02
ppt MnCl2+Na2S: Mn(OH)2(s) #ebe3d8 gel d=5 | sol=#ffffff scat=4.00 | MnS pink/salmon expected | log: White precipitate formed: Mn(OH)2
    after 60 s: Mn(OH)2(s) susp=0.03
ppt CuSO4+KI: Cu(OH)2(s) #a0d3f1 gel d=5 | sol=#8ee8ff scat=0.00 | CuI white + I2 brown (redox) expected | log: Solution turned teal / Solution turned pale teal
    after 60 s: Cu(OH)2(s) susp=0.02
ppt AgNO3+NaOH: AgOH(s) #6b4a2e powder d=8 | sol=#ffffff scat=2.91 | Ag2O brown expected | log: Brown precipitate formed: AgOH
    after 60 s: AgOH(s) susp=0.02
ppt HgCl2+KI: HgCl2(s) #f6f6f6 curds d=2; HgI2(s) #d9392b powder d=8 | sol=#ffffff scat=9.64 | HgI2 orange-red expected | log: White precipitate formed: HgCl2 / Red precipitate formed: HgI2
    after 60 s: HgCl2(s) susp=0.04; HgI2(s) susp=0.02
ppt FeCl3+K4Fe(CN)6: Fe4(FeC6N6)3(s) #cb8145 powder d=10; Fe(OH)3(s) #9a4a1c gel d=5 | sol=#ffffff scat=3.58 | Prussian blue expected | log: Brown precipitate formed: Fe(OH)3 / Solution turned yellow / Orange precipitate formed: Fe4(FeC6N6)3 / Solution became colourless
    after 60 s: Fe4(FeC6N6)3(s) susp=0.02; Fe(OH)3(s) susp=0.02
vapour water @ 60 C: vapour_visibility=0.00 condensation=0.56 boil=0
vapour ethanol @ 60 C: vapour_visibility=0.00 condensation=0.51 boil=0
vapour ethanol @ 76 C: vapour_visibility=0.00 condensation=0.72 boil=0
vapour water @ 76 C: vapour_visibility=0.00 condensation=0.80 boil=0

== Neat Br2 at 67 C, open (red-brown vapour expected)
  layer  organic[Br2(l)] 1.9mL rho=3.100 n=1.45 maxA=7.94e-1 col3cm=#7d0003 scat=0.000 scRGB=#ffffff
  vap_vis 0.00 cond 0.84 boil 0 foam 0.00 T 55.6
  events Bromine boiling at 58.8 °C | Gas evolving: Br2 | Temperature fell 3.4 °C (to 58.8 °C) | Temperature fell 3.1 °C (to 55.6 °C)

== Ethanol ignited
  vap_vis 0.47 cond 1.00 boil 0 foam 0.00 T 77.3
  events Flammable vapour ignited | Gas evolving: C2H5OH | Temperature rose 56.4 °C (to 78.4 °C) | Ethanol boiled off | Combustion fuel exhausted

== Hexane ignited (should burn, luminous)
  layer  organic[C6H14(l)] 10.0mL rho=0.655 n=1.45 maxA=0.00e+0 col3cm=#ffffff scat=0.000 scRGB=#ffffff
  vap_vis 0.00 cond 0.00 boil 0 foam 0.00 T 22.0

== Ethanol + NaCl ignited (Na yellow flame expected)
  layer  organic 3.3mL rho=0.789 n=1.361 maxA=0.00e+0 col3cm=#ffffff scat=0.000 scRGB=#ffffff
  flame  {"fuel":"Ethanol","power_w":36039.825970707985,"luminosity":0.05,"flame_temp_k":1200}
  vap_vis 0.50 cond 1.00 boil 0 foam 0.95 T 78.4
  events Flammable vapour ignited | Gas evolving: C2H5OH | Temperature rose 56.4 °C (to 78.4 °C) | Vessel boiled dry
